[2025-11-09T18:24:38.551+0000] {manager.py:469} INFO - Processing files using up to 2 processes at a time 
[2025-11-09T18:24:38.554+0000] {manager.py:470} INFO - Process each file at most once every 30 seconds
[2025-11-09T18:24:38.557+0000] {manager.py:471} INFO - Checking for new files in /opt/airflow/dags every 300 seconds
[2025-11-09T18:24:38.560+0000] {manager.py:738} INFO - Searching for files in /opt/airflow/dags
[2025-11-09T18:24:38.572+0000] {manager.py:741} INFO - There are 0 files in /opt/airflow/dags
[2025-11-09T18:29:38.572+0000] {manager.py:738} INFO - Searching for files in /opt/airflow/dags
[2025-11-09T18:29:38.593+0000] {manager.py:741} INFO - There are 0 files in /opt/airflow/dags
[2025-11-09T18:34:39.519+0000] {manager.py:738} INFO - Searching for files in /opt/airflow/dags
[2025-11-09T18:34:39.538+0000] {manager.py:741} INFO - There are 0 files in /opt/airflow/dags
[2025-11-09T18:38:33.382+0000] {manager.py:451} INFO - Exiting gracefully upon receiving signal 15
[2025-11-09T18:39:12.337+0000] {manager.py:469} INFO - Processing files using up to 2 processes at a time 
[2025-11-09T18:39:12.343+0000] {manager.py:470} INFO - Process each file at most once every 30 seconds
[2025-11-09T18:39:12.352+0000] {manager.py:471} INFO - Checking for new files in /opt/airflow/dags every 300 seconds
[2025-11-09T18:39:12.358+0000] {manager.py:738} INFO - Searching for files in /opt/airflow/dags
[2025-11-09T18:39:12.391+0000] {manager.py:741} INFO - There are 0 files in /opt/airflow/dags
[2025-11-09T18:41:43.404+0000] {manager.py:451} INFO - Exiting gracefully upon receiving signal 15
[2025-11-09T18:43:35.603+0000] {manager.py:469} INFO - Processing files using up to 2 processes at a time 
[2025-11-09T18:43:35.610+0000] {manager.py:470} INFO - Process each file at most once every 30 seconds
[2025-11-09T18:43:35.618+0000] {manager.py:471} INFO - Checking for new files in /opt/airflow/dags every 300 seconds
[2025-11-09T18:43:35.627+0000] {manager.py:738} INFO - Searching for files in /opt/airflow/dags
[2025-11-09T18:43:35.662+0000] {manager.py:741} INFO - There are 0 files in /opt/airflow/dags
[2025-11-09T18:44:49.119+0000] {manager.py:469} INFO - Processing files using up to 2 processes at a time 
[2025-11-09T18:44:49.125+0000] {manager.py:470} INFO - Process each file at most once every 30 seconds
[2025-11-09T18:44:49.133+0000] {manager.py:471} INFO - Checking for new files in /opt/airflow/dags every 300 seconds
[2025-11-09T18:44:49.139+0000] {manager.py:738} INFO - Searching for files in /opt/airflow/dags
[2025-11-09T18:44:49.161+0000] {manager.py:741} INFO - There are 0 files in /opt/airflow/dags
[2025-11-10T15:31:33.227+0000] {manager.py:469} INFO - Processing files using up to 2 processes at a time 
[2025-11-10T15:31:33.229+0000] {manager.py:470} INFO - Process each file at most once every 30 seconds
[2025-11-10T15:31:33.230+0000] {manager.py:471} INFO - Checking for new files in /opt/airflow/dags every 300 seconds
[2025-11-10T15:31:33.234+0000] {manager.py:738} INFO - Searching for files in /opt/airflow/dags
[2025-11-10T15:31:33.240+0000] {manager.py:741} INFO - There are 0 files in /opt/airflow/dags
[2025-11-10T15:31:49.684+0000] {manager.py:451} INFO - Exiting gracefully upon receiving signal 15
[2025-11-10T15:32:11.804+0000] {manager.py:469} INFO - Processing files using up to 2 processes at a time 
[2025-11-10T15:32:11.807+0000] {manager.py:470} INFO - Process each file at most once every 30 seconds
[2025-11-10T15:32:11.810+0000] {manager.py:471} INFO - Checking for new files in /opt/airflow/dags every 300 seconds
[2025-11-10T15:32:11.812+0000] {manager.py:738} INFO - Searching for files in /opt/airflow/dags
[2025-11-10T15:32:11.823+0000] {manager.py:741} INFO - There are 0 files in /opt/airflow/dags
[2025-11-10T15:37:12.743+0000] {manager.py:738} INFO - Searching for files in /opt/airflow/dags
[2025-11-10T15:37:12.788+0000] {manager.py:741} INFO - There are 0 files in /opt/airflow/dags
[2025-11-10T15:42:13.616+0000] {manager.py:738} INFO - Searching for files in /opt/airflow/dags
[2025-11-10T15:42:13.628+0000] {manager.py:741} INFO - There are 0 files in /opt/airflow/dags
[2025-11-13T15:39:50.956+0000] {manager.py:469} INFO - Processing files using up to 2 processes at a time 
[2025-11-13T15:39:50.961+0000] {manager.py:470} INFO - Process each file at most once every 30 seconds
[2025-11-13T15:39:50.967+0000] {manager.py:471} INFO - Checking for new files in /opt/airflow/dags every 300 seconds
[2025-11-13T15:39:50.972+0000] {manager.py:738} INFO - Searching for files in /opt/airflow/dags
[2025-11-13T15:39:50.992+0000] {manager.py:741} INFO - There are 0 files in /opt/airflow/dags
[2025-11-13T15:44:51.438+0000] {manager.py:738} INFO - Searching for files in /opt/airflow/dags
[2025-11-13T15:44:51.525+0000] {manager.py:741} INFO - There are 0 files in /opt/airflow/dags
[2025-11-13T15:49:52.195+0000] {manager.py:738} INFO - Searching for files in /opt/airflow/dags
[2025-11-13T15:49:52.213+0000] {manager.py:741} INFO - There are 0 files in /opt/airflow/dags
[2025-11-13T15:54:52.758+0000] {manager.py:738} INFO - Searching for files in /opt/airflow/dags
[2025-11-13T15:54:52.917+0000] {manager.py:741} INFO - There are 0 files in /opt/airflow/dags
[2025-11-13T15:59:53.580+0000] {manager.py:738} INFO - Searching for files in /opt/airflow/dags
[2025-11-13T15:59:53.598+0000] {manager.py:741} INFO - There are 0 files in /opt/airflow/dags
[2025-11-13T16:04:53.612+0000] {manager.py:738} INFO - Searching for files in /opt/airflow/dags
[2025-11-13T16:04:53.662+0000] {manager.py:741} INFO - There are 0 files in /opt/airflow/dags
[2025-11-13T16:09:53.844+0000] {manager.py:738} INFO - Searching for files in /opt/airflow/dags
[2025-11-13T16:09:53.856+0000] {manager.py:741} INFO - There are 0 files in /opt/airflow/dags
[2025-11-13T16:14:54.628+0000] {manager.py:738} INFO - Searching for files in /opt/airflow/dags
[2025-11-13T16:14:54.643+0000] {manager.py:741} INFO - There are 0 files in /opt/airflow/dags
[2025-11-13T16:19:55.544+0000] {manager.py:738} INFO - Searching for files in /opt/airflow/dags
[2025-11-13T16:19:55.560+0000] {manager.py:741} INFO - There are 0 files in /opt/airflow/dags
[2025-11-13T16:24:56.228+0000] {manager.py:738} INFO - Searching for files in /opt/airflow/dags
[2025-11-13T16:24:56.243+0000] {manager.py:741} INFO - There are 0 files in /opt/airflow/dags
[2025-11-13T16:29:57.182+0000] {manager.py:738} INFO - Searching for files in /opt/airflow/dags
[2025-11-13T16:29:57.196+0000] {manager.py:741} INFO - There are 0 files in /opt/airflow/dags
[2025-11-13T16:34:57.377+0000] {manager.py:738} INFO - Searching for files in /opt/airflow/dags
[2025-11-13T16:34:57.439+0000] {manager.py:741} INFO - There are 0 files in /opt/airflow/dags
[2025-11-13T16:39:57.972+0000] {manager.py:738} INFO - Searching for files in /opt/airflow/dags
[2025-11-13T16:39:57.983+0000] {manager.py:741} INFO - There are 0 files in /opt/airflow/dags
[2025-11-13T16:41:53.626+0000] {manager.py:451} INFO - Exiting gracefully upon receiving signal 15
[2025-11-13T16:42:49.300+0000] {manager.py:469} INFO - Processing files using up to 2 processes at a time 
[2025-11-13T16:42:49.304+0000] {manager.py:470} INFO - Process each file at most once every 30 seconds
[2025-11-13T16:42:49.307+0000] {manager.py:471} INFO - Checking for new files in /opt/airflow/dags every 300 seconds
[2025-11-13T16:42:49.310+0000] {manager.py:738} INFO - Searching for files in /opt/airflow/dags
[2025-11-13T16:42:49.327+0000] {manager.py:741} INFO - There are 0 files in /opt/airflow/dags
[2025-11-16T06:07:40.632+0000] {manager.py:469} INFO - Processing files using up to 2 processes at a time 
[2025-11-16T06:07:40.637+0000] {manager.py:470} INFO - Process each file at most once every 30 seconds
[2025-11-16T06:07:40.639+0000] {manager.py:471} INFO - Checking for new files in /opt/airflow/dags every 300 seconds
[2025-11-16T06:07:40.641+0000] {manager.py:738} INFO - Searching for files in /opt/airflow/dags
[2025-11-16T06:07:40.652+0000] {manager.py:741} INFO - There are 0 files in /opt/airflow/dags
[2025-11-16T06:12:41.379+0000] {manager.py:738} INFO - Searching for files in /opt/airflow/dags
[2025-11-16T06:12:41.393+0000] {manager.py:741} INFO - There are 0 files in /opt/airflow/dags
[2025-11-16T06:17:42.098+0000] {manager.py:738} INFO - Searching for files in /opt/airflow/dags
[2025-11-16T06:17:42.114+0000] {manager.py:741} INFO - There are 0 files in /opt/airflow/dags
[2025-11-16T06:22:42.864+0000] {manager.py:738} INFO - Searching for files in /opt/airflow/dags
[2025-11-16T06:22:42.880+0000] {manager.py:741} INFO - There are 0 files in /opt/airflow/dags
[2025-11-16T06:27:43.282+0000] {manager.py:738} INFO - Searching for files in /opt/airflow/dags
[2025-11-16T06:27:43.390+0000] {manager.py:741} INFO - There are 0 files in /opt/airflow/dags
[2025-11-16T06:32:44.114+0000] {manager.py:738} INFO - Searching for files in /opt/airflow/dags
[2025-11-16T06:32:44.128+0000] {manager.py:741} INFO - There are 0 files in /opt/airflow/dags
[2025-11-16T06:37:44.288+0000] {manager.py:738} INFO - Searching for files in /opt/airflow/dags
[2025-11-16T06:37:44.314+0000] {manager.py:741} INFO - There are 0 files in /opt/airflow/dags
[2025-11-16T06:42:45.242+0000] {manager.py:738} INFO - Searching for files in /opt/airflow/dags
[2025-11-16T06:42:45.258+0000] {manager.py:741} INFO - There are 0 files in /opt/airflow/dags
[2025-11-16T06:47:45.901+0000] {manager.py:738} INFO - Searching for files in /opt/airflow/dags
[2025-11-16T06:47:45.909+0000] {manager.py:741} INFO - There are 0 files in /opt/airflow/dags
[2025-11-16T06:52:46.551+0000] {manager.py:738} INFO - Searching for files in /opt/airflow/dags
[2025-11-16T06:52:46.567+0000] {manager.py:741} INFO - There are 0 files in /opt/airflow/dags
[2025-11-16T06:57:47.249+0000] {manager.py:738} INFO - Searching for files in /opt/airflow/dags
[2025-11-16T06:57:47.259+0000] {manager.py:741} INFO - There are 0 files in /opt/airflow/dags
[2025-11-16T07:02:48.243+0000] {manager.py:738} INFO - Searching for files in /opt/airflow/dags
[2025-11-16T07:02:48.257+0000] {manager.py:741} INFO - There are 0 files in /opt/airflow/dags
[2025-11-16T07:05:19.737+0000] {manager.py:451} INFO - Exiting gracefully upon receiving signal 15
[2025-11-16T07:07:07.558+0000] {manager.py:469} INFO - Processing files using up to 2 processes at a time 
[2025-11-16T07:07:07.564+0000] {manager.py:470} INFO - Process each file at most once every 30 seconds
[2025-11-16T07:07:07.572+0000] {manager.py:471} INFO - Checking for new files in /opt/airflow/dags every 300 seconds
[2025-11-16T07:07:07.589+0000] {manager.py:738} INFO - Searching for files in /opt/airflow/dags
[2025-11-16T07:07:07.646+0000] {manager.py:741} INFO - There are 0 files in /opt/airflow/dags
[2025-11-16T07:12:08.220+0000] {manager.py:738} INFO - Searching for files in /opt/airflow/dags
[2025-11-16T07:12:08.238+0000] {manager.py:741} INFO - There are 0 files in /opt/airflow/dags
[2025-11-16T07:17:08.514+0000] {manager.py:738} INFO - Searching for files in /opt/airflow/dags
[2025-11-16T07:17:08.560+0000] {manager.py:741} INFO - There are 0 files in /opt/airflow/dags
[2025-11-16T07:22:08.711+0000] {manager.py:738} INFO - Searching for files in /opt/airflow/dags
[2025-11-16T07:22:08.727+0000] {manager.py:741} INFO - There are 0 files in /opt/airflow/dags
[2025-11-16T07:27:08.773+0000] {manager.py:738} INFO - Searching for files in /opt/airflow/dags
[2025-11-16T07:27:08.781+0000] {manager.py:741} INFO - There are 0 files in /opt/airflow/dags
[2025-11-16T07:32:09.634+0000] {manager.py:738} INFO - Searching for files in /opt/airflow/dags
[2025-11-16T07:32:09.647+0000] {manager.py:741} INFO - There are 0 files in /opt/airflow/dags
[2025-11-17T17:38:06.558+0000] {manager.py:469} INFO - Processing files using up to 2 processes at a time 
[2025-11-17T17:38:06.595+0000] {manager.py:470} INFO - Process each file at most once every 30 seconds
[2025-11-17T17:38:06.619+0000] {manager.py:471} INFO - Checking for new files in /opt/airflow/dags every 300 seconds
[2025-11-17T17:38:06.636+0000] {manager.py:738} INFO - Searching for files in /opt/airflow/dags
[2025-11-17T17:38:06.807+0000] {manager.py:741} INFO - There are 0 files in /opt/airflow/dags
[2025-11-17T17:43:07.186+0000] {manager.py:738} INFO - Searching for files in /opt/airflow/dags
[2025-11-17T17:43:07.208+0000] {manager.py:741} INFO - There are 0 files in /opt/airflow/dags
[2025-11-17T17:48:08.174+0000] {manager.py:738} INFO - Searching for files in /opt/airflow/dags
[2025-11-17T17:48:08.189+0000] {manager.py:741} INFO - There are 0 files in /opt/airflow/dags
[2025-11-17T17:53:09.044+0000] {manager.py:738} INFO - Searching for files in /opt/airflow/dags
[2025-11-17T17:53:09.071+0000] {manager.py:741} INFO - There are 0 files in /opt/airflow/dags
[2025-11-17T17:58:09.999+0000] {manager.py:738} INFO - Searching for files in /opt/airflow/dags
[2025-11-17T17:58:10.011+0000] {manager.py:741} INFO - There are 0 files in /opt/airflow/dags
[2025-11-17T18:03:10.819+0000] {manager.py:738} INFO - Searching for files in /opt/airflow/dags
[2025-11-17T18:03:10.829+0000] {manager.py:741} INFO - There are 0 files in /opt/airflow/dags
[2025-11-17T18:08:11.684+0000] {manager.py:738} INFO - Searching for files in /opt/airflow/dags
[2025-11-17T18:08:11.698+0000] {manager.py:741} INFO - There are 0 files in /opt/airflow/dags
[2025-11-17T18:13:11.689+0000] {manager.py:738} INFO - Searching for files in /opt/airflow/dags
[2025-11-17T18:13:11.737+0000] {manager.py:741} INFO - There are 0 files in /opt/airflow/dags
[2025-11-17T18:18:12.020+0000] {manager.py:738} INFO - Searching for files in /opt/airflow/dags
[2025-11-17T18:18:12.038+0000] {manager.py:741} INFO - There are 0 files in /opt/airflow/dags
[2025-11-17T18:23:12.038+0000] {manager.py:738} INFO - Searching for files in /opt/airflow/dags
[2025-11-17T18:23:12.082+0000] {manager.py:741} INFO - There are 0 files in /opt/airflow/dags
[2025-11-17T18:28:12.965+0000] {manager.py:738} INFO - Searching for files in /opt/airflow/dags
[2025-11-17T18:28:12.983+0000] {manager.py:741} INFO - There are 0 files in /opt/airflow/dags
[2025-11-17T18:33:13.058+0000] {manager.py:738} INFO - Searching for files in /opt/airflow/dags
[2025-11-17T18:33:13.069+0000] {manager.py:741} INFO - There are 0 files in /opt/airflow/dags
[2025-11-17T18:38:13.971+0000] {manager.py:738} INFO - Searching for files in /opt/airflow/dags
[2025-11-17T18:38:13.985+0000] {manager.py:741} INFO - There are 0 files in /opt/airflow/dags
[2025-11-17T18:43:14.887+0000] {manager.py:738} INFO - Searching for files in /opt/airflow/dags
[2025-11-17T18:43:14.897+0000] {manager.py:741} INFO - There are 0 files in /opt/airflow/dags
[2025-11-17T18:48:15.017+0000] {manager.py:738} INFO - Searching for files in /opt/airflow/dags
[2025-11-17T18:48:15.042+0000] {manager.py:741} INFO - There are 0 files in /opt/airflow/dags
[2025-11-17T18:53:15.374+0000] {manager.py:738} INFO - Searching for files in /opt/airflow/dags
[2025-11-17T18:53:15.386+0000] {manager.py:741} INFO - There are 0 files in /opt/airflow/dags
[2025-11-17T18:58:16.301+0000] {manager.py:738} INFO - Searching for files in /opt/airflow/dags
[2025-11-17T18:58:16.332+0000] {manager.py:741} INFO - There are 0 files in /opt/airflow/dags
[2025-11-17T19:03:16.539+0000] {manager.py:738} INFO - Searching for files in /opt/airflow/dags
[2025-11-17T19:03:16.568+0000] {manager.py:741} INFO - There are 0 files in /opt/airflow/dags
[2025-11-17T19:08:17.405+0000] {manager.py:738} INFO - Searching for files in /opt/airflow/dags
[2025-11-17T19:08:17.427+0000] {manager.py:741} INFO - There are 0 files in /opt/airflow/dags
[2025-11-17T19:13:18.279+0000] {manager.py:738} INFO - Searching for files in /opt/airflow/dags
[2025-11-17T19:13:18.295+0000] {manager.py:741} INFO - There are 0 files in /opt/airflow/dags
[2025-11-17T19:18:19.230+0000] {manager.py:738} INFO - Searching for files in /opt/airflow/dags
[2025-11-17T19:18:19.248+0000] {manager.py:741} INFO - There are 0 files in /opt/airflow/dags
